[2026-05-23 23:04:30] [INFO] [MAIN] Loaded server configuration from ..\..\configs\server_1.cfg
[2026-05-23 23:04:30] [INFO] [MAIN] Added peer server config - ID: 2 Address: 127.0.0.1:9002
[2026-05-23 23:04:30] [INFO] [SERVER] Starting Chat Server Node 1 on port 9001
[2026-05-23 23:04:30] [SUCCESS] [SERVER] Chat Server Node 1 is fully operational
[2026-05-23 23:04:30] [INFO] [HEARTBEAT] Heartbeat manager thread started
[2026-05-23 23:04:30] [INFO] [SERVER] Peer auto-connector thread running
[2026-05-23 23:04:30] [INFO] [SERVER] Attempting to connect to peer Server ID 2 at 127.0.0.1:9002
[2026-05-23 23:04:30] [INFO] [SERVER] Listener select-loop thread running
[2026-05-23 23:04:32] [DEBUG] [SERVER] Could not connect to peer Server ID 2 (server offline)
[2026-05-23 23:04:42] [INFO] [SERVER] Attempting to connect to peer Server ID 2 at 127.0.0.1:9002
[2026-05-23 23:04:44] [INFO] [SERVER] Accepted new raw connection from client handle: 280
[2026-05-23 23:04:44] [INFO] [SERVER] Promoting incoming raw connection from socket 280 to Peer Server ID: 2
[2026-05-23 23:04:44] [SUCCESS] [SERVER] Successfully established connection to peer Server ID: 2
[2026-05-23 23:04:44] [INFO] [SERVER] Client disconnected or invalid packet. Handle: 280
[2026-05-23 23:04:45] [DEBUG] [HEARTBEAT] Heartbeat ping sent to peer Server ID: 2
[2026-05-23 23:04:45] [DEBUG] [SERVER] Heartbeat ACK received from peer Server ID: 2
[2026-05-23 23:04:50] [DEBUG] [HEARTBEAT] Heartbeat ping sent to peer Server ID: 2
[2026-05-23 23:04:50] [DEBUG] [SERVER] Heartbeat ACK received from peer Server ID: 2
[2026-05-23 23:04:55] [DEBUG] [HEARTBEAT] Heartbeat ping sent to peer Server ID: 2
[2026-05-23 23:04:55] [DEBUG] [SERVER] Heartbeat ACK received from peer Server ID: 2
[2026-05-23 23:05:00] [DEBUG] [HEARTBEAT] Heartbeat ping sent to peer Server ID: 2
[2026-05-23 23:05:00] [DEBUG] [SERVER] Heartbeat ACK received from peer Server ID: 2
[2026-05-23 23:05:05] [DEBUG] [HEARTBEAT] Heartbeat ping sent to peer Server ID: 2
[2026-05-23 23:05:05] [DEBUG] [SERVER] Heartbeat ACK received from peer Server ID: 2
[2026-05-23 23:05:10] [DEBUG] [SERVER] Heartbeat ACK received from peer Server ID: 2
[2026-05-23 23:05:10] [DEBUG] [HEARTBEAT] Heartbeat ping sent to peer Server ID: 2
[2026-05-23 23:05:15] [DEBUG] [SERVER] Heartbeat ACK received from peer Server ID: 2
[2026-05-23 23:05:15] [DEBUG] [HEARTBEAT] Heartbeat ping sent to peer Server ID: 2
[2026-05-23 23:05:20] [DEBUG] [HEARTBEAT] Heartbeat ping sent to peer Server ID: 2
[2026-05-23 23:05:20] [DEBUG] [SERVER] Heartbeat ACK received from peer Server ID: 2
[2026-05-23 23:05:25] [DEBUG] [HEARTBEAT] Heartbeat ping sent to peer Server ID: 2
[2026-05-23 23:05:25] [DEBUG] [SERVER] Heartbeat ACK received from peer Server ID: 2
[2026-05-23 23:05:30] [DEBUG] [HEARTBEAT] Heartbeat ping sent to peer Server ID: 2
[2026-05-23 23:05:30] [DEBUG] [SERVER] Heartbeat ACK received from peer Server ID: 2
[2026-05-23 23:05:35] [INFO] [SERVER] Accepted new raw connection from client handle: 320
[2026-05-23 23:05:35] [DEBUG] [SERVER] Heartbeat ACK received from peer Server ID: 2
[2026-05-23 23:05:35] [DEBUG] [HEARTBEAT] Heartbeat ping sent to peer Server ID: 2
[2026-05-23 23:05:38] [SUCCESS] [SERVER] User Alice successfully authenticated on Server 1
[2026-05-23 23:05:38] [INFO] [REPLICATION] Replicating login of Alice to peer cluster
[2026-05-23 23:05:40] [DEBUG] [HEARTBEAT] Heartbeat ping sent to peer Server ID: 2
[2026-05-23 23:05:40] [DEBUG] [SERVER] Heartbeat ACK received from peer Server ID: 2
[2026-05-23 23:05:45] [DEBUG] [HEARTBEAT] Heartbeat ping sent to peer Server ID: 2
[2026-05-23 23:05:45] [DEBUG] [SERVER] Heartbeat ACK received from peer Server ID: 2
[2026-05-23 23:05:50] [DEBUG] [HEARTBEAT] Heartbeat ping sent to peer Server ID: 2
[2026-05-23 23:05:50] [DEBUG] [SERVER] Heartbeat ACK received from peer Server ID: 2
[2026-05-23 23:05:55] [DEBUG] [HEARTBEAT] Heartbeat ping sent to peer Server ID: 2
[2026-05-23 23:05:55] [DEBUG] [SERVER] Heartbeat ACK received from peer Server ID: 2
[2026-05-23 23:05:59] [INFO] [SERVER] Peer replicated User Bob online on Server ID: 2
[2026-05-23 23:06:00] [DEBUG] [SERVER] Heartbeat ACK received from peer Server ID: 2
[2026-05-23 23:06:00] [DEBUG] [HEARTBEAT] Heartbeat ping sent to peer Server ID: 2
[2026-05-23 23:06:05] [DEBUG] [HEARTBEAT] Heartbeat ping sent to peer Server ID: 2
[2026-05-23 23:06:05] [DEBUG] [SERVER] Heartbeat ACK received from peer Server ID: 2
[2026-05-23 23:06:10] [DEBUG] [HEARTBEAT] Heartbeat ping sent to peer Server ID: 2
[2026-05-23 23:06:10] [DEBUG] [SERVER] Heartbeat ACK received from peer Server ID: 2
[2026-05-23 23:06:15] [DEBUG] [HEARTBEAT] Heartbeat ping sent to peer Server ID: 2
[2026-05-23 23:06:15] [DEBUG] [SERVER] Heartbeat ACK received from peer Server ID: 2
[2026-05-23 23:06:15] [INFO] [REPLICATION] Routing private message from Alice to remote receiver Bob on Server ID: 2
[2026-05-23 23:06:20] [DEBUG] [HEARTBEAT] Heartbeat ping sent to peer Server ID: 2
[2026-05-23 23:06:20] [DEBUG] [SERVER] Heartbeat ACK received from peer Server ID: 2
[2026-05-23 23:06:25] [DEBUG] [HEARTBEAT] Heartbeat ping sent to peer Server ID: 2
[2026-05-23 23:06:25] [DEBUG] [SERVER] Heartbeat ACK received from peer Server ID: 2
[2026-05-23 23:06:30] [DEBUG] [HEARTBEAT] Heartbeat ping sent to peer Server ID: 2
[2026-05-23 23:06:30] [DEBUG] [SERVER] Heartbeat ACK received from peer Server ID: 2
[2026-05-23 23:06:35] [DEBUG] [SERVER] Heartbeat ACK received from peer Server ID: 2
[2026-05-23 23:06:35] [DEBUG] [HEARTBEAT] Heartbeat ping sent to peer Server ID: 2
[2026-05-23 23:06:40] [DEBUG] [HEARTBEAT] Heartbeat ping sent to peer Server ID: 2
[2026-05-23 23:06:40] [DEBUG] [SERVER] Heartbeat ACK received from peer Server ID: 2
[2026-05-23 23:06:45] [DEBUG] [HEARTBEAT] Heartbeat ping sent to peer Server ID: 2
[2026-05-23 23:06:45] [DEBUG] [SERVER] Heartbeat ACK received from peer Server ID: 2
[2026-05-23 23:06:50] [DEBUG] [SERVER] Heartbeat ACK received from peer Server ID: 2
[2026-05-23 23:06:50] [DEBUG] [HEARTBEAT] Heartbeat ping sent to peer Server ID: 2
[2026-05-23 23:06:55] [DEBUG] [HEARTBEAT] Heartbeat ping sent to peer Server ID: 2
[2026-05-23 23:06:55] [DEBUG] [SERVER] Heartbeat ACK received from peer Server ID: 2
[2026-05-23 23:07:00] [DEBUG] [HEARTBEAT] Heartbeat ping sent to peer Server ID: 2
[2026-05-23 23:07:00] [DEBUG] [SERVER] Heartbeat ACK received from peer Server ID: 2
[2026-05-23 23:07:05] [DEBUG] [HEARTBEAT] Heartbeat ping sent to peer Server ID: 2
[2026-05-23 23:07:05] [DEBUG] [SERVER] Heartbeat ACK received from peer Server ID: 2
[2026-05-23 23:07:10] [DEBUG] [HEARTBEAT] Heartbeat ping sent to peer Server ID: 2
[2026-05-23 23:07:10] [DEBUG] [SERVER] Heartbeat ACK received from peer Server ID: 2
[2026-05-23 23:07:15] [DEBUG] [HEARTBEAT] Heartbeat ping sent to peer Server ID: 2
[2026-05-23 23:07:15] [DEBUG] [SERVER] Heartbeat ACK received from peer Server ID: 2
[2026-05-23 23:07:20] [DEBUG] [SERVER] Heartbeat ACK received from peer Server ID: 2
[2026-05-23 23:07:20] [DEBUG] [HEARTBEAT] Heartbeat ping sent to peer Server ID: 2
[2026-05-23 23:07:25] [DEBUG] [SERVER] Heartbeat ACK received from peer Server ID: 2
[2026-05-23 23:07:25] [DEBUG] [HEARTBEAT] Heartbeat ping sent to peer Server ID: 2
[2026-05-23 23:07:30] [DEBUG] [HEARTBEAT] Heartbeat ping sent to peer Server ID: 2
[2026-05-23 23:07:30] [DEBUG] [SERVER] Heartbeat ACK received from peer Server ID: 2
[2026-05-23 23:07:35] [DEBUG] [HEARTBEAT] Heartbeat ping sent to peer Server ID: 2
[2026-05-23 23:07:35] [DEBUG] [SERVER] Heartbeat ACK received from peer Server ID: 2
[2026-05-23 23:07:40] [DEBUG] [HEARTBEAT] Heartbeat ping sent to peer Server ID: 2
[2026-05-23 23:07:40] [DEBUG] [SERVER] Heartbeat ACK received from peer Server ID: 2
[2026-05-23 23:07:45] [DEBUG] [HEARTBEAT] Heartbeat ping sent to peer Server ID: 2
[2026-05-23 23:07:45] [DEBUG] [SERVER] Heartbeat ACK received from peer Server ID: 2
[2026-05-23 23:07:48] [INFO] [REPLICATION] Replicating room lobby join of Server 1 to peers
[2026-05-23 23:07:50] [DEBUG] [HEARTBEAT] Heartbeat ping sent to peer Server ID: 2
[2026-05-23 23:07:50] [DEBUG] [SERVER] Heartbeat ACK received from peer Server ID: 2
[2026-05-23 23:07:51] [INFO] [SERVER] Peer replicated that Server ID: 2 has members in room lobby
[2026-05-23 23:07:55] [DEBUG] [HEARTBEAT] Heartbeat ping sent to peer Server ID: 2
[2026-05-23 23:07:55] [DEBUG] [SERVER] Heartbeat ACK received from peer Server ID: 2
[2026-05-23 23:08:01] [DEBUG] [HEARTBEAT] Heartbeat ping sent to peer Server ID: 2
[2026-05-23 23:08:01] [DEBUG] [SERVER] Heartbeat ACK received from peer Server ID: 2
[2026-05-23 23:08:06] [DEBUG] [HEARTBEAT] Heartbeat ping sent to peer Server ID: 2
[2026-05-23 23:08:06] [DEBUG] [SERVER] Heartbeat ACK received from peer Server ID: 2
[2026-05-23 23:08:11] [DEBUG] [HEARTBEAT] Heartbeat ping sent to peer Server ID: 2
[2026-05-23 23:08:11] [DEBUG] [SERVER] Heartbeat ACK received from peer Server ID: 2
[2026-05-23 23:08:16] [DEBUG] [HEARTBEAT] Heartbeat ping sent to peer Server ID: 2
[2026-05-23 23:08:16] [DEBUG] [SERVER] Heartbeat ACK received from peer Server ID: 2
[2026-05-23 23:08:21] [DEBUG] [HEARTBEAT] Heartbeat ping sent to peer Server ID: 2
[2026-05-23 23:08:21] [DEBUG] [SERVER] Heartbeat ACK received from peer Server ID: 2
[2026-05-23 23:08:26] [DEBUG] [HEARTBEAT] Heartbeat ping sent to peer Server ID: 2
[2026-05-23 23:08:26] [DEBUG] [SERVER] Heartbeat ACK received from peer Server ID: 2
[2026-05-23 23:08:31] [DEBUG] [HEARTBEAT] Heartbeat ping sent to peer Server ID: 2
[2026-05-23 23:08:31] [DEBUG] [SERVER] Heartbeat ACK received from peer Server ID: 2
[2026-05-23 23:08:36] [DEBUG] [HEARTBEAT] Heartbeat ping sent to peer Server ID: 2
[2026-05-23 23:08:36] [DEBUG] [SERVER] Heartbeat ACK received from peer Server ID: 2
[2026-05-23 23:08:41] [DEBUG] [HEARTBEAT] Heartbeat ping sent to peer Server ID: 2
[2026-05-23 23:08:41] [DEBUG] [SERVER] Heartbeat ACK received from peer Server ID: 2
[2026-05-23 23:08:46] [DEBUG] [HEARTBEAT] Heartbeat ping sent to peer Server ID: 2
[2026-05-23 23:08:46] [DEBUG] [SERVER] Heartbeat ACK received from peer Server ID: 2
[2026-05-23 23:08:51] [DEBUG] [HEARTBEAT] Heartbeat ping sent to peer Server ID: 2
[2026-05-23 23:08:51] [DEBUG] [SERVER] Heartbeat ACK received from peer Server ID: 2
[2026-05-23 23:08:56] [DEBUG] [HEARTBEAT] Heartbeat ping sent to peer Server ID: 2
[2026-05-23 23:08:56] [DEBUG] [SERVER] Heartbeat ACK received from peer Server ID: 2
[2026-05-23 23:09:01] [DEBUG] [HEARTBEAT] Heartbeat ping sent to peer Server ID: 2
[2026-05-23 23:09:01] [DEBUG] [SERVER] Heartbeat ACK received from peer Server ID: 2
[2026-05-23 23:09:06] [DEBUG] [HEARTBEAT] Heartbeat ping sent to peer Server ID: 2
[2026-05-23 23:09:06] [DEBUG] [SERVER] Heartbeat ACK received from peer Server ID: 2
[2026-05-23 23:09:11] [DEBUG] [HEARTBEAT] Heartbeat ping sent to peer Server ID: 2
[2026-05-23 23:09:11] [DEBUG] [SERVER] Heartbeat ACK received from peer Server ID: 2
[2026-05-23 23:09:16] [DEBUG] [HEARTBEAT] Heartbeat ping sent to peer Server ID: 2
[2026-05-23 23:09:16] [DEBUG] [SERVER] Heartbeat ACK received from peer Server ID: 2
[2026-05-23 23:09:21] [DEBUG] [SERVER] Heartbeat ACK received from peer Server ID: 2
[2026-05-23 23:09:21] [DEBUG] [HEARTBEAT] Heartbeat ping sent to peer Server ID: 2
[2026-05-23 23:09:26] [DEBUG] [SERVER] Heartbeat ACK received from peer Server ID: 2
[2026-05-23 23:09:26] [DEBUG] [HEARTBEAT] Heartbeat ping sent to peer Server ID: 2
[2026-05-23 23:09:30] [INFO] [REPLICATION] Routing room message from Alice in room lobby to remote Server ID: 2
[2026-05-23 23:09:31] [DEBUG] [HEARTBEAT] Heartbeat ping sent to peer Server ID: 2
[2026-05-23 23:09:31] [DEBUG] [SERVER] Heartbeat ACK received from peer Server ID: 2
[2026-05-23 23:09:36] [DEBUG] [HEARTBEAT] Heartbeat ping sent to peer Server ID: 2
[2026-05-23 23:09:36] [DEBUG] [SERVER] Heartbeat ACK received from peer Server ID: 2
[2026-05-23 23:09:41] [DEBUG] [HEARTBEAT] Heartbeat ping sent to peer Server ID: 2
[2026-05-23 23:09:41] [DEBUG] [SERVER] Heartbeat ACK received from peer Server ID: 2
[2026-05-23 23:09:46] [DEBUG] [HEARTBEAT] Heartbeat ping sent to peer Server ID: 2
[2026-05-23 23:09:46] [DEBUG] [SERVER] Heartbeat ACK received from peer Server ID: 2
[2026-05-23 23:09:51] [DEBUG] [HEARTBEAT] Heartbeat ping sent to peer Server ID: 2
[2026-05-23 23:09:51] [DEBUG] [SERVER] Heartbeat ACK received from peer Server ID: 2
[2026-05-23 23:09:51] [INFO] [REPLICATION] Replicating room lobby leave of Server 1 to peers
[2026-05-23 23:09:56] [DEBUG] [HEARTBEAT] Heartbeat ping sent to peer Server ID: 2
[2026-05-23 23:09:56] [DEBUG] [SERVER] Heartbeat ACK received from peer Server ID: 2
[2026-05-23 23:09:58] [INFO] [SERVER] Client disconnected or invalid packet. Handle: 320
[2026-05-23 23:09:58] [INFO] [REPLICATION] Replicating logout of Alice to peer cluster
[2026-05-23 23:10:01] [DEBUG] [HEARTBEAT] Heartbeat ping sent to peer Server ID: 2
[2026-05-23 23:10:01] [DEBUG] [SERVER] Heartbeat ACK received from peer Server ID: 2
[2026-05-23 23:10:06] [DEBUG] [SERVER] Heartbeat ACK received from peer Server ID: 2
[2026-05-23 23:10:06] [DEBUG] [HEARTBEAT] Heartbeat ping sent to peer Server ID: 2
[2026-05-23 23:10:11] [DEBUG] [HEARTBEAT] Heartbeat ping sent to peer Server ID: 2
[2026-05-23 23:10:11] [DEBUG] [SERVER] Heartbeat ACK received from peer Server ID: 2
[2026-05-23 23:10:16] [DEBUG] [HEARTBEAT] Heartbeat ping sent to peer Server ID: 2
[2026-05-23 23:10:16] [DEBUG] [SERVER] Heartbeat ACK received from peer Server ID: 2
[2026-05-23 23:10:21] [DEBUG] [HEARTBEAT] Heartbeat ping sent to peer Server ID: 2
[2026-05-23 23:10:21] [DEBUG] [SERVER] Heartbeat ACK received from peer Server ID: 2
[2026-05-23 23:10:26] [DEBUG] [HEARTBEAT] Heartbeat ping sent to peer Server ID: 2
[2026-05-23 23:10:26] [DEBUG] [SERVER] Heartbeat ACK received from peer Server ID: 2
[2026-05-23 23:10:31] [DEBUG] [HEARTBEAT] Heartbeat ping sent to peer Server ID: 2
[2026-05-23 23:10:31] [DEBUG] [SERVER] Heartbeat ACK received from peer Server ID: 2
[2026-05-23 23:10:36] [DEBUG] [SERVER] Heartbeat ACK received from peer Server ID: 2
[2026-05-23 23:10:36] [DEBUG] [HEARTBEAT] Heartbeat ping sent to peer Server ID: 2
[2026-05-23 23:10:41] [DEBUG] [HEARTBEAT] Heartbeat ping sent to peer Server ID: 2
[2026-05-23 23:10:41] [DEBUG] [SERVER] Heartbeat ACK received from peer Server ID: 2
[2026-05-23 23:10:46] [DEBUG] [HEARTBEAT] Heartbeat ping sent to peer Server ID: 2
[2026-05-23 23:10:46] [DEBUG] [SERVER] Heartbeat ACK received from peer Server ID: 2
[2026-05-23 23:10:51] [DEBUG] [HEARTBEAT] Heartbeat ping sent to peer Server ID: 2
[2026-05-23 23:10:51] [DEBUG] [SERVER] Heartbeat ACK received from peer Server ID: 2
[2026-05-23 23:10:56] [DEBUG] [HEARTBEAT] Heartbeat ping sent to peer Server ID: 2
[2026-05-23 23:10:56] [DEBUG] [SERVER] Heartbeat ACK received from peer Server ID: 2
[2026-05-23 23:11:01] [DEBUG] [HEARTBEAT] Heartbeat ping sent to peer Server ID: 2
[2026-05-23 23:11:01] [DEBUG] [SERVER] Heartbeat ACK received from peer Server ID: 2
[2026-05-23 23:11:06] [DEBUG] [HEARTBEAT] Heartbeat ping sent to peer Server ID: 2
[2026-05-23 23:11:06] [DEBUG] [SERVER] Heartbeat ACK received from peer Server ID: 2
[2026-05-23 23:11:11] [DEBUG] [SERVER] Heartbeat ACK received from peer Server ID: 2
[2026-05-23 23:11:11] [DEBUG] [HEARTBEAT] Heartbeat ping sent to peer Server ID: 2
[2026-05-23 23:11:16] [DEBUG] [SERVER] Heartbeat ACK received from peer Server ID: 2
[2026-05-23 23:11:16] [DEBUG] [HEARTBEAT] Heartbeat ping sent to peer Server ID: 2
[2026-05-23 23:11:21] [DEBUG] [SERVER] Heartbeat ACK received from peer Server ID: 2
[2026-05-23 23:11:21] [DEBUG] [HEARTBEAT] Heartbeat ping sent to peer Server ID: 2
[2026-05-23 23:11:26] [DEBUG] [SERVER] Heartbeat ACK received from peer Server ID: 2
[2026-05-23 23:11:26] [DEBUG] [HEARTBEAT] Heartbeat ping sent to peer Server ID: 2
[2026-05-23 23:11:31] [DEBUG] [SERVER] Heartbeat ACK received from peer Server ID: 2
[2026-05-23 23:11:31] [DEBUG] [HEARTBEAT] Heartbeat ping sent to peer Server ID: 2
[2026-05-23 23:11:36] [DEBUG] [HEARTBEAT] Heartbeat ping sent to peer Server ID: 2
[2026-05-23 23:11:36] [DEBUG] [SERVER] Heartbeat ACK received from peer Server ID: 2
[2026-05-23 23:11:41] [DEBUG] [HEARTBEAT] Heartbeat ping sent to peer Server ID: 2
[2026-05-23 23:11:41] [DEBUG] [SERVER] Heartbeat ACK received from peer Server ID: 2
[2026-05-23 23:11:46] [DEBUG] [HEARTBEAT] Heartbeat ping sent to peer Server ID: 2
[2026-05-23 23:11:46] [DEBUG] [SERVER] Heartbeat ACK received from peer Server ID: 2
[2026-05-23 23:11:51] [DEBUG] [SERVER] Heartbeat ACK received from peer Server ID: 2
[2026-05-23 23:11:51] [DEBUG] [HEARTBEAT] Heartbeat ping sent to peer Server ID: 2
[2026-05-23 23:11:56] [DEBUG] [HEARTBEAT] Heartbeat ping sent to peer Server ID: 2
[2026-05-23 23:11:56] [DEBUG] [SERVER] Heartbeat ACK received from peer Server ID: 2
[2026-05-23 23:12:01] [DEBUG] [HEARTBEAT] Heartbeat ping sent to peer Server ID: 2
[2026-05-23 23:12:01] [DEBUG] [SERVER] Heartbeat ACK received from peer Server ID: 2
[2026-05-23 23:12:06] [DEBUG] [HEARTBEAT] Heartbeat ping sent to peer Server ID: 2
[2026-05-23 23:12:06] [DEBUG] [SERVER] Heartbeat ACK received from peer Server ID: 2
[2026-05-23 23:12:11] [DEBUG] [HEARTBEAT] Heartbeat ping sent to peer Server ID: 2
[2026-05-23 23:12:11] [DEBUG] [SERVER] Heartbeat ACK received from peer Server ID: 2
[2026-05-23 23:12:16] [DEBUG] [HEARTBEAT] Heartbeat ping sent to peer Server ID: 2
[2026-05-23 23:12:16] [DEBUG] [SERVER] Heartbeat ACK received from peer Server ID: 2
[2026-05-23 23:12:21] [DEBUG] [HEARTBEAT] Heartbeat ping sent to peer Server ID: 2
[2026-05-23 23:12:21] [DEBUG] [SERVER] Heartbeat ACK received from peer Server ID: 2
[2026-05-23 23:12:26] [DEBUG] [HEARTBEAT] Heartbeat ping sent to peer Server ID: 2
[2026-05-23 23:12:26] [DEBUG] [SERVER] Heartbeat ACK received from peer Server ID: 2
[2026-05-23 23:12:31] [DEBUG] [HEARTBEAT] Heartbeat ping sent to peer Server ID: 2
[2026-05-23 23:12:31] [DEBUG] [SERVER] Heartbeat ACK received from peer Server ID: 2
[2026-05-23 23:12:36] [DEBUG] [SERVER] Heartbeat ACK received from peer Server ID: 2
[2026-05-23 23:12:36] [DEBUG] [HEARTBEAT] Heartbeat ping sent to peer Server ID: 2
[2026-05-23 23:12:41] [DEBUG] [HEARTBEAT] Heartbeat ping sent to peer Server ID: 2
[2026-05-23 23:12:41] [DEBUG] [SERVER] Heartbeat ACK received from peer Server ID: 2
[2026-05-23 23:12:46] [DEBUG] [HEARTBEAT] Heartbeat ping sent to peer Server ID: 2
[2026-05-23 23:12:46] [DEBUG] [SERVER] Heartbeat ACK received from peer Server ID: 2
[2026-05-23 23:12:51] [DEBUG] [SERVER] Heartbeat ACK received from peer Server ID: 2
[2026-05-23 23:12:51] [DEBUG] [HEARTBEAT] Heartbeat ping sent to peer Server ID: 2
[2026-05-23 23:12:56] [DEBUG] [HEARTBEAT] Heartbeat ping sent to peer Server ID: 2
[2026-05-23 23:12:56] [DEBUG] [SERVER] Heartbeat ACK received from peer Server ID: 2
[2026-05-23 23:13:01] [DEBUG] [HEARTBEAT] Heartbeat ping sent to peer Server ID: 2
[2026-05-23 23:13:01] [DEBUG] [SERVER] Heartbeat ACK received from peer Server ID: 2
[2026-05-23 23:13:06] [DEBUG] [SERVER] Heartbeat ACK received from peer Server ID: 2
[2026-05-23 23:13:06] [DEBUG] [HEARTBEAT] Heartbeat ping sent to peer Server ID: 2
[2026-05-23 23:13:11] [DEBUG] [SERVER] Heartbeat ACK received from peer Server ID: 2
[2026-05-23 23:13:11] [DEBUG] [HEARTBEAT] Heartbeat ping sent to peer Server ID: 2
[2026-05-23 23:13:16] [DEBUG] [HEARTBEAT] Heartbeat ping sent to peer Server ID: 2
[2026-05-23 23:13:16] [DEBUG] [SERVER] Heartbeat ACK received from peer Server ID: 2
[2026-05-23 23:13:21] [DEBUG] [HEARTBEAT] Heartbeat ping sent to peer Server ID: 2
[2026-05-23 23:13:21] [DEBUG] [SERVER] Heartbeat ACK received from peer Server ID: 2
[2026-05-23 23:13:26] [DEBUG] [HEARTBEAT] Heartbeat ping sent to peer Server ID: 2
[2026-05-23 23:13:26] [DEBUG] [SERVER] Heartbeat ACK received from peer Server ID: 2
[2026-05-23 23:13:31] [DEBUG] [SERVER] Heartbeat ACK received from peer Server ID: 2
[2026-05-23 23:13:31] [DEBUG] [HEARTBEAT] Heartbeat ping sent to peer Server ID: 2
[2026-05-23 23:13:36] [DEBUG] [HEARTBEAT] Heartbeat ping sent to peer Server ID: 2
[2026-05-23 23:13:36] [DEBUG] [SERVER] Heartbeat ACK received from peer Server ID: 2
[2026-05-23 23:13:41] [DEBUG] [HEARTBEAT] Heartbeat ping sent to peer Server ID: 2
[2026-05-23 23:13:41] [DEBUG] [SERVER] Heartbeat ACK received from peer Server ID: 2
[2026-05-23 23:13:46] [DEBUG] [HEARTBEAT] Heartbeat ping sent to peer Server ID: 2
[2026-05-23 23:13:46] [DEBUG] [SERVER] Heartbeat ACK received from peer Server ID: 2
[2026-05-23 23:13:51] [DEBUG] [HEARTBEAT] Heartbeat ping sent to peer Server ID: 2
[2026-05-23 23:13:51] [DEBUG] [SERVER] Heartbeat ACK received from peer Server ID: 2
[2026-05-23 23:13:56] [DEBUG] [HEARTBEAT] Heartbeat ping sent to peer Server ID: 2
[2026-05-23 23:13:56] [DEBUG] [SERVER] Heartbeat ACK received from peer Server ID: 2
[2026-05-23 23:14:01] [DEBUG] [HEARTBEAT] Heartbeat ping sent to peer Server ID: 2
[2026-05-23 23:14:01] [DEBUG] [SERVER] Heartbeat ACK received from peer Server ID: 2
[2026-05-23 23:14:06] [DEBUG] [SERVER] Heartbeat ACK received from peer Server ID: 2
[2026-05-23 23:14:06] [DEBUG] [HEARTBEAT] Heartbeat ping sent to peer Server ID: 2
[2026-05-23 23:14:11] [DEBUG] [HEARTBEAT] Heartbeat ping sent to peer Server ID: 2
[2026-05-23 23:14:11] [DEBUG] [SERVER] Heartbeat ACK received from peer Server ID: 2
[2026-05-23 23:14:16] [DEBUG] [SERVER] Heartbeat ACK received from peer Server ID: 2
[2026-05-23 23:14:16] [DEBUG] [HEARTBEAT] Heartbeat ping sent to peer Server ID: 2
[2026-05-23 23:14:21] [DEBUG] [SERVER] Heartbeat ACK received from peer Server ID: 2
[2026-05-23 23:14:21] [DEBUG] [HEARTBEAT] Heartbeat ping sent to peer Server ID: 2
[2026-05-23 23:14:26] [DEBUG] [HEARTBEAT] Heartbeat ping sent to peer Server ID: 2
[2026-05-23 23:14:26] [DEBUG] [SERVER] Heartbeat ACK received from peer Server ID: 2
[2026-05-23 23:14:31] [DEBUG] [HEARTBEAT] Heartbeat ping sent to peer Server ID: 2
[2026-05-23 23:14:31] [DEBUG] [SERVER] Heartbeat ACK received from peer Server ID: 2
[2026-05-23 23:14:36] [DEBUG] [SERVER] Heartbeat ACK received from peer Server ID: 2
[2026-05-23 23:14:36] [DEBUG] [HEARTBEAT] Heartbeat ping sent to peer Server ID: 2
[2026-05-23 23:14:41] [DEBUG] [SERVER] Heartbeat ACK received from peer Server ID: 2
[2026-05-23 23:14:41] [DEBUG] [HEARTBEAT] Heartbeat ping sent to peer Server ID: 2
[2026-05-23 23:14:46] [DEBUG] [SERVER] Heartbeat ACK received from peer Server ID: 2
[2026-05-23 23:14:46] [DEBUG] [HEARTBEAT] Heartbeat ping sent to peer Server ID: 2
[2026-05-23 23:14:51] [DEBUG] [HEARTBEAT] Heartbeat ping sent to peer Server ID: 2
[2026-05-23 23:14:51] [DEBUG] [SERVER] Heartbeat ACK received from peer Server ID: 2
[2026-05-23 23:14:56] [DEBUG] [SERVER] Heartbeat ACK received from peer Server ID: 2
[2026-05-23 23:14:56] [DEBUG] [HEARTBEAT] Heartbeat ping sent to peer Server ID: 2
[2026-05-23 23:15:01] [DEBUG] [HEARTBEAT] Heartbeat ping sent to peer Server ID: 2
[2026-05-23 23:15:01] [DEBUG] [SERVER] Heartbeat ACK received from peer Server ID: 2
[2026-05-23 23:15:06] [DEBUG] [HEARTBEAT] Heartbeat ping sent to peer Server ID: 2
[2026-05-23 23:15:06] [DEBUG] [SERVER] Heartbeat ACK received from peer Server ID: 2
[2026-05-23 23:15:11] [DEBUG] [SERVER] Heartbeat ACK received from peer Server ID: 2
[2026-05-23 23:15:11] [DEBUG] [HEARTBEAT] Heartbeat ping sent to peer Server ID: 2
[2026-05-23 23:15:16] [DEBUG] [HEARTBEAT] Heartbeat ping sent to peer Server ID: 2
[2026-05-23 23:15:16] [DEBUG] [SERVER] Heartbeat ACK received from peer Server ID: 2
[2026-05-23 23:15:21] [DEBUG] [HEARTBEAT] Heartbeat ping sent to peer Server ID: 2
[2026-05-23 23:15:21] [DEBUG] [SERVER] Heartbeat ACK received from peer Server ID: 2
[2026-05-23 23:15:26] [DEBUG] [HEARTBEAT] Heartbeat ping sent to peer Server ID: 2
[2026-05-23 23:15:26] [DEBUG] [SERVER] Heartbeat ACK received from peer Server ID: 2
[2026-05-23 23:15:31] [DEBUG] [HEARTBEAT] Heartbeat ping sent to peer Server ID: 2
[2026-05-23 23:15:31] [DEBUG] [SERVER] Heartbeat ACK received from peer Server ID: 2
[2026-05-23 23:15:36] [DEBUG] [HEARTBEAT] Heartbeat ping sent to peer Server ID: 2
[2026-05-23 23:15:36] [DEBUG] [SERVER] Heartbeat ACK received from peer Server ID: 2
[2026-05-23 23:15:41] [DEBUG] [HEARTBEAT] Heartbeat ping sent to peer Server ID: 2
[2026-05-23 23:15:41] [DEBUG] [SERVER] Heartbeat ACK received from peer Server ID: 2
[2026-05-23 23:15:46] [DEBUG] [HEARTBEAT] Heartbeat ping sent to peer Server ID: 2
[2026-05-23 23:15:46] [DEBUG] [SERVER] Heartbeat ACK received from peer Server ID: 2
[2026-05-23 23:15:51] [DEBUG] [HEARTBEAT] Heartbeat ping sent to peer Server ID: 2
[2026-05-23 23:15:51] [DEBUG] [SERVER] Heartbeat ACK received from peer Server ID: 2
[2026-05-23 23:15:56] [DEBUG] [HEARTBEAT] Heartbeat ping sent to peer Server ID: 2
[2026-05-23 23:15:56] [DEBUG] [SERVER] Heartbeat ACK received from peer Server ID: 2
[2026-05-23 23:16:01] [DEBUG] [SERVER] Heartbeat ACK received from peer Server ID: 2
[2026-05-23 23:16:01] [DEBUG] [HEARTBEAT] Heartbeat ping sent to peer Server ID: 2
[2026-05-23 23:16:06] [DEBUG] [HEARTBEAT] Heartbeat ping sent to peer Server ID: 2
[2026-05-23 23:16:06] [DEBUG] [SERVER] Heartbeat ACK received from peer Server ID: 2
[2026-05-23 23:16:11] [DEBUG] [SERVER] Heartbeat ACK received from peer Server ID: 2
[2026-05-23 23:16:11] [DEBUG] [HEARTBEAT] Heartbeat ping sent to peer Server ID: 2
[2026-05-23 23:16:16] [DEBUG] [HEARTBEAT] Heartbeat ping sent to peer Server ID: 2
[2026-05-23 23:16:16] [DEBUG] [SERVER] Heartbeat ACK received from peer Server ID: 2
[2026-05-23 23:16:21] [DEBUG] [SERVER] Heartbeat ACK received from peer Server ID: 2
[2026-05-23 23:16:21] [DEBUG] [HEARTBEAT] Heartbeat ping sent to peer Server ID: 2
[2026-05-23 23:16:26] [DEBUG] [HEARTBEAT] Heartbeat ping sent to peer Server ID: 2
[2026-05-23 23:16:26] [DEBUG] [SERVER] Heartbeat ACK received from peer Server ID: 2
[2026-05-23 23:16:31] [DEBUG] [SERVER] Heartbeat ACK received from peer Server ID: 2
[2026-05-23 23:16:31] [DEBUG] [HEARTBEAT] Heartbeat ping sent to peer Server ID: 2
[2026-05-23 23:16:37] [DEBUG] [HEARTBEAT] Heartbeat ping sent to peer Server ID: 2
[2026-05-23 23:16:37] [DEBUG] [SERVER] Heartbeat ACK received from peer Server ID: 2
[2026-05-23 23:16:42] [DEBUG] [HEARTBEAT] Heartbeat ping sent to peer Server ID: 2
[2026-05-23 23:16:42] [DEBUG] [SERVER] Heartbeat ACK received from peer Server ID: 2
[2026-05-23 23:16:47] [DEBUG] [HEARTBEAT] Heartbeat ping sent to peer Server ID: 2
[2026-05-23 23:16:47] [DEBUG] [SERVER] Heartbeat ACK received from peer Server ID: 2
[2026-05-23 23:16:52] [DEBUG] [SERVER] Heartbeat ACK received from peer Server ID: 2
[2026-05-23 23:16:52] [DEBUG] [HEARTBEAT] Heartbeat ping sent to peer Server ID: 2
[2026-05-23 23:16:57] [DEBUG] [HEARTBEAT] Heartbeat ping sent to peer Server ID: 2
[2026-05-23 23:16:57] [DEBUG] [SERVER] Heartbeat ACK received from peer Server ID: 2
[2026-05-23 23:17:02] [DEBUG] [HEARTBEAT] Heartbeat ping sent to peer Server ID: 2
[2026-05-23 23:17:02] [DEBUG] [SERVER] Heartbeat ACK received from peer Server ID: 2
[2026-05-23 23:17:07] [DEBUG] [SERVER] Heartbeat ACK received from peer Server ID: 2
[2026-05-23 23:17:07] [DEBUG] [HEARTBEAT] Heartbeat ping sent to peer Server ID: 2
[2026-05-23 23:17:12] [DEBUG] [HEARTBEAT] Heartbeat ping sent to peer Server ID: 2
[2026-05-23 23:17:12] [DEBUG] [SERVER] Heartbeat ACK received from peer Server ID: 2
[2026-05-23 23:17:17] [DEBUG] [HEARTBEAT] Heartbeat ping sent to peer Server ID: 2
[2026-05-23 23:17:17] [DEBUG] [SERVER] Heartbeat ACK received from peer Server ID: 2
[2026-05-23 23:17:22] [DEBUG] [HEARTBEAT] Heartbeat ping sent to peer Server ID: 2
[2026-05-23 23:17:22] [DEBUG] [SERVER] Heartbeat ACK received from peer Server ID: 2
[2026-05-23 23:17:27] [DEBUG] [HEARTBEAT] Heartbeat ping sent to peer Server ID: 2
[2026-05-23 23:17:27] [DEBUG] [SERVER] Heartbeat ACK received from peer Server ID: 2
[2026-05-23 23:17:32] [DEBUG] [SERVER] Heartbeat ACK received from peer Server ID: 2
[2026-05-23 23:17:32] [DEBUG] [HEARTBEAT] Heartbeat ping sent to peer Server ID: 2
[2026-05-23 23:17:37] [DEBUG] [HEARTBEAT] Heartbeat ping sent to peer Server ID: 2
[2026-05-23 23:17:37] [DEBUG] [SERVER] Heartbeat ACK received from peer Server ID: 2
[2026-05-23 23:17:42] [DEBUG] [HEARTBEAT] Heartbeat ping sent to peer Server ID: 2
[2026-05-23 23:17:42] [DEBUG] [SERVER] Heartbeat ACK received from peer Server ID: 2
[2026-05-23 23:17:47] [DEBUG] [HEARTBEAT] Heartbeat ping sent to peer Server ID: 2
[2026-05-23 23:17:47] [DEBUG] [SERVER] Heartbeat ACK received from peer Server ID: 2
[2026-05-23 23:17:52] [DEBUG] [SERVER] Heartbeat ACK received from peer Server ID: 2
[2026-05-23 23:17:52] [DEBUG] [HEARTBEAT] Heartbeat ping sent to peer Server ID: 2
[2026-05-23 23:17:57] [DEBUG] [SERVER] Heartbeat ACK received from peer Server ID: 2
[2026-05-23 23:17:57] [DEBUG] [HEARTBEAT] Heartbeat ping sent to peer Server ID: 2
[2026-05-23 23:18:02] [DEBUG] [SERVER] Heartbeat ACK received from peer Server ID: 2
[2026-05-23 23:18:02] [DEBUG] [HEARTBEAT] Heartbeat ping sent to peer Server ID: 2
[2026-05-23 23:18:07] [DEBUG] [SERVER] Heartbeat ACK received from peer Server ID: 2
[2026-05-23 23:18:07] [DEBUG] [HEARTBEAT] Heartbeat ping sent to peer Server ID: 2
[2026-05-23 23:18:12] [DEBUG] [HEARTBEAT] Heartbeat ping sent to peer Server ID: 2
[2026-05-23 23:18:12] [DEBUG] [SERVER] Heartbeat ACK received from peer Server ID: 2
[2026-05-23 23:18:17] [DEBUG] [HEARTBEAT] Heartbeat ping sent to peer Server ID: 2
[2026-05-23 23:18:17] [DEBUG] [SERVER] Heartbeat ACK received from peer Server ID: 2
[2026-05-23 23:18:22] [DEBUG] [SERVER] Heartbeat ACK received from peer Server ID: 2
[2026-05-23 23:18:22] [DEBUG] [HEARTBEAT] Heartbeat ping sent to peer Server ID: 2
[2026-05-23 23:18:27] [DEBUG] [HEARTBEAT] Heartbeat ping sent to peer Server ID: 2
[2026-05-23 23:18:27] [DEBUG] [SERVER] Heartbeat ACK received from peer Server ID: 2
[2026-05-23 23:18:32] [DEBUG] [HEARTBEAT] Heartbeat ping sent to peer Server ID: 2
[2026-05-23 23:18:32] [DEBUG] [SERVER] Heartbeat ACK received from peer Server ID: 2
[2026-05-23 23:18:37] [DEBUG] [HEARTBEAT] Heartbeat ping sent to peer Server ID: 2
[2026-05-23 23:18:37] [DEBUG] [SERVER] Heartbeat ACK received from peer Server ID: 2
[2026-05-23 23:18:42] [DEBUG] [SERVER] Heartbeat ACK received from peer Server ID: 2
[2026-05-23 23:18:42] [DEBUG] [HEARTBEAT] Heartbeat ping sent to peer Server ID: 2
[2026-05-23 23:18:47] [DEBUG] [HEARTBEAT] Heartbeat ping sent to peer Server ID: 2
[2026-05-23 23:18:47] [DEBUG] [SERVER] Heartbeat ACK received from peer Server ID: 2
[2026-05-23 23:18:52] [DEBUG] [HEARTBEAT] Heartbeat ping sent to peer Server ID: 2
[2026-05-23 23:18:52] [DEBUG] [SERVER] Heartbeat ACK received from peer Server ID: 2
[2026-05-23 23:18:57] [DEBUG] [HEARTBEAT] Heartbeat ping sent to peer Server ID: 2
[2026-05-23 23:18:57] [DEBUG] [SERVER] Heartbeat ACK received from peer Server ID: 2
[2026-05-23 23:19:02] [DEBUG] [HEARTBEAT] Heartbeat ping sent to peer Server ID: 2
[2026-05-23 23:19:02] [DEBUG] [SERVER] Heartbeat ACK received from peer Server ID: 2
[2026-05-23 23:19:07] [DEBUG] [HEARTBEAT] Heartbeat ping sent to peer Server ID: 2
[2026-05-23 23:19:07] [DEBUG] [SERVER] Heartbeat ACK received from peer Server ID: 2
[2026-05-23 23:19:12] [DEBUG] [SERVER] Heartbeat ACK received from peer Server ID: 2
[2026-05-23 23:19:12] [DEBUG] [HEARTBEAT] Heartbeat ping sent to peer Server ID: 2
[2026-05-23 23:19:17] [DEBUG] [HEARTBEAT] Heartbeat ping sent to peer Server ID: 2
[2026-05-23 23:19:17] [DEBUG] [SERVER] Heartbeat ACK received from peer Server ID: 2
[2026-05-23 23:19:22] [DEBUG] [HEARTBEAT] Heartbeat ping sent to peer Server ID: 2
[2026-05-23 23:19:22] [DEBUG] [SERVER] Heartbeat ACK received from peer Server ID: 2
[2026-05-23 23:19:27] [DEBUG] [HEARTBEAT] Heartbeat ping sent to peer Server ID: 2
[2026-05-23 23:19:27] [DEBUG] [SERVER] Heartbeat ACK received from peer Server ID: 2
[2026-05-23 23:19:32] [DEBUG] [HEARTBEAT] Heartbeat ping sent to peer Server ID: 2
[2026-05-23 23:19:32] [DEBUG] [SERVER] Heartbeat ACK received from peer Server ID: 2
[2026-05-23 23:19:37] [DEBUG] [HEARTBEAT] Heartbeat ping sent to peer Server ID: 2
[2026-05-23 23:19:37] [DEBUG] [SERVER] Heartbeat ACK received from peer Server ID: 2
[2026-05-23 23:19:42] [DEBUG] [HEARTBEAT] Heartbeat ping sent to peer Server ID: 2
[2026-05-23 23:19:42] [DEBUG] [SERVER] Heartbeat ACK received from peer Server ID: 2
[2026-05-23 23:19:47] [DEBUG] [HEARTBEAT] Heartbeat ping sent to peer Server ID: 2
[2026-05-23 23:19:47] [DEBUG] [SERVER] Heartbeat ACK received from peer Server ID: 2
[2026-05-23 23:19:52] [DEBUG] [HEARTBEAT] Heartbeat ping sent to peer Server ID: 2
[2026-05-23 23:19:52] [DEBUG] [SERVER] Heartbeat ACK received from peer Server ID: 2
[2026-05-23 23:19:57] [DEBUG] [HEARTBEAT] Heartbeat ping sent to peer Server ID: 2
[2026-05-23 23:19:57] [DEBUG] [SERVER] Heartbeat ACK received from peer Server ID: 2
[2026-05-23 23:20:02] [DEBUG] [HEARTBEAT] Heartbeat ping sent to peer Server ID: 2
[2026-05-23 23:20:02] [DEBUG] [SERVER] Heartbeat ACK received from peer Server ID: 2
