[2026-05-23 23:04:44] [INFO] [MAIN] Loaded server configuration from ..\..\configs\server_2.cfg
[2026-05-23 23:04:44] [INFO] [MAIN] Added peer server config - ID: 1 Address: 127.0.0.1:9001
[2026-05-23 23:04:44] [INFO] [SERVER] Starting Chat Server Node 2 on port 9002
[2026-05-23 23:04:44] [SUCCESS] [SERVER] Chat Server Node 2 is fully operational
[2026-05-23 23:04:44] [INFO] [HEARTBEAT] Heartbeat manager thread started
[2026-05-23 23:04:44] [INFO] [SERVER] Listener select-loop thread running
[2026-05-23 23:04:44] [INFO] [SERVER] Peer auto-connector thread running
[2026-05-23 23:04:44] [INFO] [SERVER] Attempting to connect to peer Server ID 1 at 127.0.0.1:9001
[2026-05-23 23:04:44] [SUCCESS] [SERVER] Successfully established connection to peer Server ID: 1
[2026-05-23 23:04:44] [INFO] [SERVER] Accepted new raw connection from client handle: 288
[2026-05-23 23:04:44] [INFO] [SERVER] Promoting incoming raw connection from socket 288 to Peer Server ID: 1
[2026-05-23 23:04:49] [DEBUG] [HEARTBEAT] Heartbeat ping sent to peer Server ID: 1
[2026-05-23 23:04:49] [DEBUG] [SERVER] Heartbeat ACK received from peer Server ID: 1
[2026-05-23 23:04:54] [DEBUG] [HEARTBEAT] Heartbeat ping sent to peer Server ID: 1
[2026-05-23 23:04:54] [DEBUG] [SERVER] Heartbeat ACK received from peer Server ID: 1
[2026-05-23 23:04:59] [DEBUG] [HEARTBEAT] Heartbeat ping sent to peer Server ID: 1
[2026-05-23 23:04:59] [DEBUG] [SERVER] Heartbeat ACK received from peer Server ID: 1
[2026-05-23 23:05:04] [DEBUG] [HEARTBEAT] Heartbeat ping sent to peer Server ID: 1
[2026-05-23 23:05:04] [DEBUG] [SERVER] Heartbeat ACK received from peer Server ID: 1
[2026-05-23 23:05:09] [DEBUG] [HEARTBEAT] Heartbeat ping sent to peer Server ID: 1
[2026-05-23 23:05:09] [DEBUG] [SERVER] Heartbeat ACK received from peer Server ID: 1
[2026-05-23 23:05:14] [DEBUG] [HEARTBEAT] Heartbeat ping sent to peer Server ID: 1
[2026-05-23 23:05:14] [DEBUG] [SERVER] Heartbeat ACK received from peer Server ID: 1
[2026-05-23 23:05:19] [DEBUG] [HEARTBEAT] Heartbeat ping sent to peer Server ID: 1
[2026-05-23 23:05:19] [DEBUG] [SERVER] Heartbeat ACK received from peer Server ID: 1
[2026-05-23 23:05:24] [DEBUG] [SERVER] Heartbeat ACK received from peer Server ID: 1
[2026-05-23 23:05:24] [DEBUG] [HEARTBEAT] Heartbeat ping sent to peer Server ID: 1
[2026-05-23 23:05:29] [DEBUG] [HEARTBEAT] Heartbeat ping sent to peer Server ID: 1
[2026-05-23 23:05:29] [DEBUG] [SERVER] Heartbeat ACK received from peer Server ID: 1
[2026-05-23 23:05:34] [DEBUG] [HEARTBEAT] Heartbeat ping sent to peer Server ID: 1
[2026-05-23 23:05:34] [DEBUG] [SERVER] Heartbeat ACK received from peer Server ID: 1
[2026-05-23 23:05:38] [INFO] [SERVER] Peer replicated User Alice online on Server ID: 1
[2026-05-23 23:05:39] [DEBUG] [SERVER] Heartbeat ACK received from peer Server ID: 1
[2026-05-23 23:05:39] [DEBUG] [HEARTBEAT] Heartbeat ping sent to peer Server ID: 1
[2026-05-23 23:05:44] [DEBUG] [SERVER] Heartbeat ACK received from peer Server ID: 1
[2026-05-23 23:05:44] [DEBUG] [HEARTBEAT] Heartbeat ping sent to peer Server ID: 1
[2026-05-23 23:05:49] [DEBUG] [HEARTBEAT] Heartbeat ping sent to peer Server ID: 1
[2026-05-23 23:05:49] [DEBUG] [SERVER] Heartbeat ACK received from peer Server ID: 1
[2026-05-23 23:05:54] [DEBUG] [HEARTBEAT] Heartbeat ping sent to peer Server ID: 1
[2026-05-23 23:05:54] [DEBUG] [SERVER] Heartbeat ACK received from peer Server ID: 1
[2026-05-23 23:05:57] [INFO] [SERVER] Accepted new raw connection from client handle: 328
[2026-05-23 23:05:59] [DEBUG] [HEARTBEAT] Heartbeat ping sent to peer Server ID: 1
[2026-05-23 23:05:59] [DEBUG] [SERVER] Heartbeat ACK received from peer Server ID: 1
[2026-05-23 23:05:59] [SUCCESS] [SERVER] User Bob successfully authenticated on Server 2
[2026-05-23 23:05:59] [INFO] [REPLICATION] Replicating login of Bob to peer cluster
[2026-05-23 23:06:04] [DEBUG] [HEARTBEAT] Heartbeat ping sent to peer Server ID: 1
[2026-05-23 23:06:04] [DEBUG] [SERVER] Heartbeat ACK received from peer Server ID: 1
[2026-05-23 23:06:09] [DEBUG] [HEARTBEAT] Heartbeat ping sent to peer Server ID: 1
[2026-05-23 23:06:09] [DEBUG] [SERVER] Heartbeat ACK received from peer Server ID: 1
[2026-05-23 23:06:14] [DEBUG] [HEARTBEAT] Heartbeat ping sent to peer Server ID: 1
[2026-05-23 23:06:14] [DEBUG] [SERVER] Heartbeat ACK received from peer Server ID: 1
[2026-05-23 23:06:19] [DEBUG] [SERVER] Heartbeat ACK received from peer Server ID: 1
[2026-05-23 23:06:19] [DEBUG] [HEARTBEAT] Heartbeat ping sent to peer Server ID: 1
[2026-05-23 23:06:24] [DEBUG] [HEARTBEAT] Heartbeat ping sent to peer Server ID: 1
[2026-05-23 23:06:24] [DEBUG] [SERVER] Heartbeat ACK received from peer Server ID: 1
[2026-05-23 23:06:29] [DEBUG] [SERVER] Heartbeat ACK received from peer Server ID: 1
[2026-05-23 23:06:29] [DEBUG] [HEARTBEAT] Heartbeat ping sent to peer Server ID: 1
[2026-05-23 23:06:34] [DEBUG] [HEARTBEAT] Heartbeat ping sent to peer Server ID: 1
[2026-05-23 23:06:34] [DEBUG] [SERVER] Heartbeat ACK received from peer Server ID: 1
[2026-05-23 23:06:39] [DEBUG] [SERVER] Heartbeat ACK received from peer Server ID: 1
[2026-05-23 23:06:39] [DEBUG] [HEARTBEAT] Heartbeat ping sent to peer Server ID: 1
[2026-05-23 23:06:44] [DEBUG] [SERVER] Heartbeat ACK received from peer Server ID: 1
[2026-05-23 23:06:44] [DEBUG] [HEARTBEAT] Heartbeat ping sent to peer Server ID: 1
[2026-05-23 23:06:49] [DEBUG] [SERVER] Heartbeat ACK received from peer Server ID: 1
[2026-05-23 23:06:49] [DEBUG] [HEARTBEAT] Heartbeat ping sent to peer Server ID: 1
[2026-05-23 23:06:54] [DEBUG] [HEARTBEAT] Heartbeat ping sent to peer Server ID: 1
[2026-05-23 23:06:54] [DEBUG] [SERVER] Heartbeat ACK received from peer Server ID: 1
[2026-05-23 23:06:59] [DEBUG] [SERVER] Heartbeat ACK received from peer Server ID: 1
[2026-05-23 23:06:59] [DEBUG] [HEARTBEAT] Heartbeat ping sent to peer Server ID: 1
[2026-05-23 23:07:04] [DEBUG] [SERVER] Heartbeat ACK received from peer Server ID: 1
[2026-05-23 23:07:04] [DEBUG] [HEARTBEAT] Heartbeat ping sent to peer Server ID: 1
[2026-05-23 23:07:09] [DEBUG] [HEARTBEAT] Heartbeat ping sent to peer Server ID: 1
[2026-05-23 23:07:09] [DEBUG] [SERVER] Heartbeat ACK received from peer Server ID: 1
[2026-05-23 23:07:14] [DEBUG] [HEARTBEAT] Heartbeat ping sent to peer Server ID: 1
[2026-05-23 23:07:14] [DEBUG] [SERVER] Heartbeat ACK received from peer Server ID: 1
[2026-05-23 23:07:19] [DEBUG] [HEARTBEAT] Heartbeat ping sent to peer Server ID: 1
[2026-05-23 23:07:19] [DEBUG] [SERVER] Heartbeat ACK received from peer Server ID: 1
[2026-05-23 23:07:24] [DEBUG] [HEARTBEAT] Heartbeat ping sent to peer Server ID: 1
[2026-05-23 23:07:24] [DEBUG] [SERVER] Heartbeat ACK received from peer Server ID: 1
[2026-05-23 23:07:29] [DEBUG] [HEARTBEAT] Heartbeat ping sent to peer Server ID: 1
[2026-05-23 23:07:29] [DEBUG] [SERVER] Heartbeat ACK received from peer Server ID: 1
[2026-05-23 23:07:34] [DEBUG] [SERVER] Heartbeat ACK received from peer Server ID: 1
[2026-05-23 23:07:34] [DEBUG] [HEARTBEAT] Heartbeat ping sent to peer Server ID: 1
[2026-05-23 23:07:39] [DEBUG] [HEARTBEAT] Heartbeat ping sent to peer Server ID: 1
[2026-05-23 23:07:39] [DEBUG] [SERVER] Heartbeat ACK received from peer Server ID: 1
[2026-05-23 23:07:44] [DEBUG] [HEARTBEAT] Heartbeat ping sent to peer Server ID: 1
[2026-05-23 23:07:44] [DEBUG] [SERVER] Heartbeat ACK received from peer Server ID: 1
[2026-05-23 23:07:48] [INFO] [SERVER] Peer replicated that Server ID: 1 has members in room lobby
[2026-05-23 23:07:49] [DEBUG] [HEARTBEAT] Heartbeat ping sent to peer Server ID: 1
[2026-05-23 23:07:49] [DEBUG] [SERVER] Heartbeat ACK received from peer Server ID: 1
[2026-05-23 23:07:51] [INFO] [REPLICATION] Replicating room lobby join of Server 2 to peers
[2026-05-23 23:07:54] [DEBUG] [HEARTBEAT] Heartbeat ping sent to peer Server ID: 1
[2026-05-23 23:07:54] [DEBUG] [SERVER] Heartbeat ACK received from peer Server ID: 1
[2026-05-23 23:07:59] [DEBUG] [HEARTBEAT] Heartbeat ping sent to peer Server ID: 1
[2026-05-23 23:07:59] [DEBUG] [SERVER] Heartbeat ACK received from peer Server ID: 1
[2026-05-23 23:08:04] [DEBUG] [HEARTBEAT] Heartbeat ping sent to peer Server ID: 1
[2026-05-23 23:08:04] [DEBUG] [SERVER] Heartbeat ACK received from peer Server ID: 1
[2026-05-23 23:08:09] [DEBUG] [HEARTBEAT] Heartbeat ping sent to peer Server ID: 1
[2026-05-23 23:08:09] [DEBUG] [SERVER] Heartbeat ACK received from peer Server ID: 1
[2026-05-23 23:08:14] [DEBUG] [HEARTBEAT] Heartbeat ping sent to peer Server ID: 1
[2026-05-23 23:08:14] [DEBUG] [SERVER] Heartbeat ACK received from peer Server ID: 1
[2026-05-23 23:08:19] [DEBUG] [HEARTBEAT] Heartbeat ping sent to peer Server ID: 1
[2026-05-23 23:08:19] [DEBUG] [SERVER] Heartbeat ACK received from peer Server ID: 1
[2026-05-23 23:08:24] [DEBUG] [HEARTBEAT] Heartbeat ping sent to peer Server ID: 1
[2026-05-23 23:08:24] [DEBUG] [SERVER] Heartbeat ACK received from peer Server ID: 1
[2026-05-23 23:08:29] [DEBUG] [HEARTBEAT] Heartbeat ping sent to peer Server ID: 1
[2026-05-23 23:08:29] [DEBUG] [SERVER] Heartbeat ACK received from peer Server ID: 1
[2026-05-23 23:08:34] [DEBUG] [HEARTBEAT] Heartbeat ping sent to peer Server ID: 1
[2026-05-23 23:08:34] [DEBUG] [SERVER] Heartbeat ACK received from peer Server ID: 1
[2026-05-23 23:08:39] [DEBUG] [HEARTBEAT] Heartbeat ping sent to peer Server ID: 1
[2026-05-23 23:08:39] [DEBUG] [SERVER] Heartbeat ACK received from peer Server ID: 1
[2026-05-23 23:08:44] [DEBUG] [HEARTBEAT] Heartbeat ping sent to peer Server ID: 1
[2026-05-23 23:08:44] [DEBUG] [SERVER] Heartbeat ACK received from peer Server ID: 1
[2026-05-23 23:08:49] [DEBUG] [SERVER] Heartbeat ACK received from peer Server ID: 1
[2026-05-23 23:08:49] [DEBUG] [HEARTBEAT] Heartbeat ping sent to peer Server ID: 1
[2026-05-23 23:08:54] [DEBUG] [SERVER] Heartbeat ACK received from peer Server ID: 1
[2026-05-23 23:08:54] [DEBUG] [HEARTBEAT] Heartbeat ping sent to peer Server ID: 1
[2026-05-23 23:08:59] [DEBUG] [HEARTBEAT] Heartbeat ping sent to peer Server ID: 1
[2026-05-23 23:08:59] [DEBUG] [SERVER] Heartbeat ACK received from peer Server ID: 1
[2026-05-23 23:09:04] [DEBUG] [HEARTBEAT] Heartbeat ping sent to peer Server ID: 1
[2026-05-23 23:09:04] [DEBUG] [SERVER] Heartbeat ACK received from peer Server ID: 1
[2026-05-23 23:09:09] [DEBUG] [HEARTBEAT] Heartbeat ping sent to peer Server ID: 1
[2026-05-23 23:09:09] [DEBUG] [SERVER] Heartbeat ACK received from peer Server ID: 1
[2026-05-23 23:09:14] [DEBUG] [SERVER] Heartbeat ACK received from peer Server ID: 1
[2026-05-23 23:09:14] [DEBUG] [HEARTBEAT] Heartbeat ping sent to peer Server ID: 1
[2026-05-23 23:09:19] [DEBUG] [SERVER] Heartbeat ACK received from peer Server ID: 1
[2026-05-23 23:09:19] [DEBUG] [HEARTBEAT] Heartbeat ping sent to peer Server ID: 1
[2026-05-23 23:09:24] [DEBUG] [HEARTBEAT] Heartbeat ping sent to peer Server ID: 1
[2026-05-23 23:09:24] [DEBUG] [SERVER] Heartbeat ACK received from peer Server ID: 1
[2026-05-23 23:09:29] [DEBUG] [HEARTBEAT] Heartbeat ping sent to peer Server ID: 1
[2026-05-23 23:09:29] [DEBUG] [SERVER] Heartbeat ACK received from peer Server ID: 1
[2026-05-23 23:09:34] [DEBUG] [HEARTBEAT] Heartbeat ping sent to peer Server ID: 1
[2026-05-23 23:09:34] [DEBUG] [SERVER] Heartbeat ACK received from peer Server ID: 1
[2026-05-23 23:09:39] [DEBUG] [HEARTBEAT] Heartbeat ping sent to peer Server ID: 1
[2026-05-23 23:09:39] [DEBUG] [SERVER] Heartbeat ACK received from peer Server ID: 1
[2026-05-23 23:09:44] [DEBUG] [HEARTBEAT] Heartbeat ping sent to peer Server ID: 1
[2026-05-23 23:09:44] [DEBUG] [SERVER] Heartbeat ACK received from peer Server ID: 1
[2026-05-23 23:09:49] [DEBUG] [HEARTBEAT] Heartbeat ping sent to peer Server ID: 1
[2026-05-23 23:09:49] [DEBUG] [SERVER] Heartbeat ACK received from peer Server ID: 1
[2026-05-23 23:09:51] [INFO] [SERVER] Peer replicated that Server ID: 1 no longer has members in room lobby
[2026-05-23 23:09:54] [DEBUG] [SERVER] Heartbeat ACK received from peer Server ID: 1
[2026-05-23 23:09:54] [DEBUG] [HEARTBEAT] Heartbeat ping sent to peer Server ID: 1
[2026-05-23 23:09:58] [INFO] [SERVER] Peer replicated User Alice offline (logout)
[2026-05-23 23:09:59] [DEBUG] [HEARTBEAT] Heartbeat ping sent to peer Server ID: 1
[2026-05-23 23:09:59] [DEBUG] [SERVER] Heartbeat ACK received from peer Server ID: 1
[2026-05-23 23:10:04] [DEBUG] [HEARTBEAT] Heartbeat ping sent to peer Server ID: 1
[2026-05-23 23:10:04] [DEBUG] [SERVER] Heartbeat ACK received from peer Server ID: 1
[2026-05-23 23:10:09] [DEBUG] [SERVER] Heartbeat ACK received from peer Server ID: 1
[2026-05-23 23:10:09] [DEBUG] [HEARTBEAT] Heartbeat ping sent to peer Server ID: 1
[2026-05-23 23:10:14] [DEBUG] [HEARTBEAT] Heartbeat ping sent to peer Server ID: 1
[2026-05-23 23:10:14] [DEBUG] [SERVER] Heartbeat ACK received from peer Server ID: 1
[2026-05-23 23:10:19] [DEBUG] [HEARTBEAT] Heartbeat ping sent to peer Server ID: 1
[2026-05-23 23:10:19] [DEBUG] [SERVER] Heartbeat ACK received from peer Server ID: 1
[2026-05-23 23:10:24] [DEBUG] [HEARTBEAT] Heartbeat ping sent to peer Server ID: 1
[2026-05-23 23:10:24] [DEBUG] [SERVER] Heartbeat ACK received from peer Server ID: 1
[2026-05-23 23:10:29] [DEBUG] [SERVER] Heartbeat ACK received from peer Server ID: 1
[2026-05-23 23:10:29] [DEBUG] [HEARTBEAT] Heartbeat ping sent to peer Server ID: 1
[2026-05-23 23:10:34] [DEBUG] [SERVER] Heartbeat ACK received from peer Server ID: 1
[2026-05-23 23:10:34] [DEBUG] [HEARTBEAT] Heartbeat ping sent to peer Server ID: 1
[2026-05-23 23:10:39] [DEBUG] [SERVER] Heartbeat ACK received from peer Server ID: 1
[2026-05-23 23:10:39] [DEBUG] [HEARTBEAT] Heartbeat ping sent to peer Server ID: 1
[2026-05-23 23:10:44] [DEBUG] [HEARTBEAT] Heartbeat ping sent to peer Server ID: 1
[2026-05-23 23:10:44] [DEBUG] [SERVER] Heartbeat ACK received from peer Server ID: 1
[2026-05-23 23:10:49] [DEBUG] [HEARTBEAT] Heartbeat ping sent to peer Server ID: 1
[2026-05-23 23:10:49] [DEBUG] [SERVER] Heartbeat ACK received from peer Server ID: 1
[2026-05-23 23:10:54] [DEBUG] [HEARTBEAT] Heartbeat ping sent to peer Server ID: 1
[2026-05-23 23:10:54] [DEBUG] [SERVER] Heartbeat ACK received from peer Server ID: 1
[2026-05-23 23:10:59] [DEBUG] [HEARTBEAT] Heartbeat ping sent to peer Server ID: 1
[2026-05-23 23:10:59] [DEBUG] [SERVER] Heartbeat ACK received from peer Server ID: 1
[2026-05-23 23:11:04] [DEBUG] [HEARTBEAT] Heartbeat ping sent to peer Server ID: 1
[2026-05-23 23:11:04] [DEBUG] [SERVER] Heartbeat ACK received from peer Server ID: 1
[2026-05-23 23:11:09] [DEBUG] [HEARTBEAT] Heartbeat ping sent to peer Server ID: 1
[2026-05-23 23:11:09] [DEBUG] [SERVER] Heartbeat ACK received from peer Server ID: 1
[2026-05-23 23:11:14] [DEBUG] [SERVER] Heartbeat ACK received from peer Server ID: 1
[2026-05-23 23:11:14] [DEBUG] [HEARTBEAT] Heartbeat ping sent to peer Server ID: 1
[2026-05-23 23:11:19] [DEBUG] [HEARTBEAT] Heartbeat ping sent to peer Server ID: 1
[2026-05-23 23:11:19] [DEBUG] [SERVER] Heartbeat ACK received from peer Server ID: 1
[2026-05-23 23:11:24] [DEBUG] [HEARTBEAT] Heartbeat ping sent to peer Server ID: 1
[2026-05-23 23:11:24] [DEBUG] [SERVER] Heartbeat ACK received from peer Server ID: 1
[2026-05-23 23:11:30] [DEBUG] [HEARTBEAT] Heartbeat ping sent to peer Server ID: 1
[2026-05-23 23:11:30] [DEBUG] [SERVER] Heartbeat ACK received from peer Server ID: 1
[2026-05-23 23:11:35] [DEBUG] [HEARTBEAT] Heartbeat ping sent to peer Server ID: 1
[2026-05-23 23:11:35] [DEBUG] [SERVER] Heartbeat ACK received from peer Server ID: 1
[2026-05-23 23:11:40] [DEBUG] [HEARTBEAT] Heartbeat ping sent to peer Server ID: 1
[2026-05-23 23:11:40] [DEBUG] [SERVER] Heartbeat ACK received from peer Server ID: 1
[2026-05-23 23:11:45] [DEBUG] [SERVER] Heartbeat ACK received from peer Server ID: 1
[2026-05-23 23:11:45] [DEBUG] [HEARTBEAT] Heartbeat ping sent to peer Server ID: 1
[2026-05-23 23:11:50] [DEBUG] [HEARTBEAT] Heartbeat ping sent to peer Server ID: 1
[2026-05-23 23:11:50] [DEBUG] [SERVER] Heartbeat ACK received from peer Server ID: 1
[2026-05-23 23:11:55] [DEBUG] [SERVER] Heartbeat ACK received from peer Server ID: 1
[2026-05-23 23:11:55] [DEBUG] [HEARTBEAT] Heartbeat ping sent to peer Server ID: 1
[2026-05-23 23:12:00] [DEBUG] [HEARTBEAT] Heartbeat ping sent to peer Server ID: 1
[2026-05-23 23:12:00] [DEBUG] [SERVER] Heartbeat ACK received from peer Server ID: 1
[2026-05-23 23:12:05] [DEBUG] [SERVER] Heartbeat ACK received from peer Server ID: 1
[2026-05-23 23:12:05] [DEBUG] [HEARTBEAT] Heartbeat ping sent to peer Server ID: 1
[2026-05-23 23:12:10] [DEBUG] [HEARTBEAT] Heartbeat ping sent to peer Server ID: 1
[2026-05-23 23:12:10] [DEBUG] [SERVER] Heartbeat ACK received from peer Server ID: 1
[2026-05-23 23:12:15] [DEBUG] [HEARTBEAT] Heartbeat ping sent to peer Server ID: 1
[2026-05-23 23:12:15] [DEBUG] [SERVER] Heartbeat ACK received from peer Server ID: 1
[2026-05-23 23:12:20] [DEBUG] [HEARTBEAT] Heartbeat ping sent to peer Server ID: 1
[2026-05-23 23:12:20] [DEBUG] [SERVER] Heartbeat ACK received from peer Server ID: 1
[2026-05-23 23:12:25] [DEBUG] [HEARTBEAT] Heartbeat ping sent to peer Server ID: 1
[2026-05-23 23:12:25] [DEBUG] [SERVER] Heartbeat ACK received from peer Server ID: 1
[2026-05-23 23:12:30] [DEBUG] [SERVER] Heartbeat ACK received from peer Server ID: 1
[2026-05-23 23:12:30] [DEBUG] [HEARTBEAT] Heartbeat ping sent to peer Server ID: 1
[2026-05-23 23:12:35] [DEBUG] [SERVER] Heartbeat ACK received from peer Server ID: 1
[2026-05-23 23:12:35] [DEBUG] [HEARTBEAT] Heartbeat ping sent to peer Server ID: 1
[2026-05-23 23:12:40] [DEBUG] [HEARTBEAT] Heartbeat ping sent to peer Server ID: 1
[2026-05-23 23:12:40] [DEBUG] [SERVER] Heartbeat ACK received from peer Server ID: 1
[2026-05-23 23:12:45] [DEBUG] [SERVER] Heartbeat ACK received from peer Server ID: 1
[2026-05-23 23:12:45] [DEBUG] [HEARTBEAT] Heartbeat ping sent to peer Server ID: 1
[2026-05-23 23:12:50] [DEBUG] [SERVER] Heartbeat ACK received from peer Server ID: 1
[2026-05-23 23:12:50] [DEBUG] [HEARTBEAT] Heartbeat ping sent to peer Server ID: 1
[2026-05-23 23:12:55] [DEBUG] [HEARTBEAT] Heartbeat ping sent to peer Server ID: 1
[2026-05-23 23:12:55] [DEBUG] [SERVER] Heartbeat ACK received from peer Server ID: 1
[2026-05-23 23:13:00] [DEBUG] [HEARTBEAT] Heartbeat ping sent to peer Server ID: 1
[2026-05-23 23:13:00] [DEBUG] [SERVER] Heartbeat ACK received from peer Server ID: 1
[2026-05-23 23:13:05] [DEBUG] [HEARTBEAT] Heartbeat ping sent to peer Server ID: 1
[2026-05-23 23:13:05] [DEBUG] [SERVER] Heartbeat ACK received from peer Server ID: 1
[2026-05-23 23:13:10] [DEBUG] [HEARTBEAT] Heartbeat ping sent to peer Server ID: 1
[2026-05-23 23:13:10] [DEBUG] [SERVER] Heartbeat ACK received from peer Server ID: 1
[2026-05-23 23:13:15] [DEBUG] [HEARTBEAT] Heartbeat ping sent to peer Server ID: 1
[2026-05-23 23:13:15] [DEBUG] [SERVER] Heartbeat ACK received from peer Server ID: 1
[2026-05-23 23:13:20] [DEBUG] [HEARTBEAT] Heartbeat ping sent to peer Server ID: 1
[2026-05-23 23:13:20] [DEBUG] [SERVER] Heartbeat ACK received from peer Server ID: 1
[2026-05-23 23:13:25] [DEBUG] [HEARTBEAT] Heartbeat ping sent to peer Server ID: 1
[2026-05-23 23:13:25] [DEBUG] [SERVER] Heartbeat ACK received from peer Server ID: 1
[2026-05-23 23:13:30] [DEBUG] [HEARTBEAT] Heartbeat ping sent to peer Server ID: 1
[2026-05-23 23:13:30] [DEBUG] [SERVER] Heartbeat ACK received from peer Server ID: 1
[2026-05-23 23:13:35] [DEBUG] [HEARTBEAT] Heartbeat ping sent to peer Server ID: 1
[2026-05-23 23:13:35] [DEBUG] [SERVER] Heartbeat ACK received from peer Server ID: 1
[2026-05-23 23:13:40] [DEBUG] [HEARTBEAT] Heartbeat ping sent to peer Server ID: 1
[2026-05-23 23:13:40] [DEBUG] [SERVER] Heartbeat ACK received from peer Server ID: 1
[2026-05-23 23:13:45] [DEBUG] [HEARTBEAT] Heartbeat ping sent to peer Server ID: 1
[2026-05-23 23:13:45] [DEBUG] [SERVER] Heartbeat ACK received from peer Server ID: 1
[2026-05-23 23:13:50] [DEBUG] [HEARTBEAT] Heartbeat ping sent to peer Server ID: 1
[2026-05-23 23:13:50] [DEBUG] [SERVER] Heartbeat ACK received from peer Server ID: 1
[2026-05-23 23:13:55] [DEBUG] [HEARTBEAT] Heartbeat ping sent to peer Server ID: 1
[2026-05-23 23:13:55] [DEBUG] [SERVER] Heartbeat ACK received from peer Server ID: 1
[2026-05-23 23:14:00] [DEBUG] [HEARTBEAT] Heartbeat ping sent to peer Server ID: 1
[2026-05-23 23:14:00] [DEBUG] [SERVER] Heartbeat ACK received from peer Server ID: 1
[2026-05-23 23:14:05] [DEBUG] [HEARTBEAT] Heartbeat ping sent to peer Server ID: 1
[2026-05-23 23:14:05] [DEBUG] [SERVER] Heartbeat ACK received from peer Server ID: 1
[2026-05-23 23:14:10] [DEBUG] [SERVER] Heartbeat ACK received from peer Server ID: 1
[2026-05-23 23:14:10] [DEBUG] [HEARTBEAT] Heartbeat ping sent to peer Server ID: 1
[2026-05-23 23:14:15] [DEBUG] [SERVER] Heartbeat ACK received from peer Server ID: 1
[2026-05-23 23:14:15] [DEBUG] [HEARTBEAT] Heartbeat ping sent to peer Server ID: 1
[2026-05-23 23:14:20] [DEBUG] [SERVER] Heartbeat ACK received from peer Server ID: 1
[2026-05-23 23:14:20] [DEBUG] [HEARTBEAT] Heartbeat ping sent to peer Server ID: 1
[2026-05-23 23:14:25] [DEBUG] [SERVER] Heartbeat ACK received from peer Server ID: 1
[2026-05-23 23:14:25] [DEBUG] [HEARTBEAT] Heartbeat ping sent to peer Server ID: 1
[2026-05-23 23:14:30] [DEBUG] [HEARTBEAT] Heartbeat ping sent to peer Server ID: 1
[2026-05-23 23:14:30] [DEBUG] [SERVER] Heartbeat ACK received from peer Server ID: 1
[2026-05-23 23:14:35] [DEBUG] [HEARTBEAT] Heartbeat ping sent to peer Server ID: 1
[2026-05-23 23:14:35] [DEBUG] [SERVER] Heartbeat ACK received from peer Server ID: 1
[2026-05-23 23:14:40] [DEBUG] [HEARTBEAT] Heartbeat ping sent to peer Server ID: 1
[2026-05-23 23:14:40] [DEBUG] [SERVER] Heartbeat ACK received from peer Server ID: 1
[2026-05-23 23:14:45] [DEBUG] [HEARTBEAT] Heartbeat ping sent to peer Server ID: 1
[2026-05-23 23:14:45] [DEBUG] [SERVER] Heartbeat ACK received from peer Server ID: 1
[2026-05-23 23:14:50] [DEBUG] [HEARTBEAT] Heartbeat ping sent to peer Server ID: 1
[2026-05-23 23:14:50] [DEBUG] [SERVER] Heartbeat ACK received from peer Server ID: 1
[2026-05-23 23:14:55] [DEBUG] [HEARTBEAT] Heartbeat ping sent to peer Server ID: 1
[2026-05-23 23:14:55] [DEBUG] [SERVER] Heartbeat ACK received from peer Server ID: 1
[2026-05-23 23:15:00] [DEBUG] [HEARTBEAT] Heartbeat ping sent to peer Server ID: 1
[2026-05-23 23:15:00] [DEBUG] [SERVER] Heartbeat ACK received from peer Server ID: 1
[2026-05-23 23:15:05] [DEBUG] [HEARTBEAT] Heartbeat ping sent to peer Server ID: 1
[2026-05-23 23:15:05] [DEBUG] [SERVER] Heartbeat ACK received from peer Server ID: 1
[2026-05-23 23:15:10] [DEBUG] [HEARTBEAT] Heartbeat ping sent to peer Server ID: 1
[2026-05-23 23:15:10] [DEBUG] [SERVER] Heartbeat ACK received from peer Server ID: 1
[2026-05-23 23:15:15] [DEBUG] [HEARTBEAT] Heartbeat ping sent to peer Server ID: 1
[2026-05-23 23:15:15] [DEBUG] [SERVER] Heartbeat ACK received from peer Server ID: 1
[2026-05-23 23:15:20] [DEBUG] [SERVER] Heartbeat ACK received from peer Server ID: 1
[2026-05-23 23:15:20] [DEBUG] [HEARTBEAT] Heartbeat ping sent to peer Server ID: 1
[2026-05-23 23:15:25] [DEBUG] [HEARTBEAT] Heartbeat ping sent to peer Server ID: 1
[2026-05-23 23:15:25] [DEBUG] [SERVER] Heartbeat ACK received from peer Server ID: 1
[2026-05-23 23:15:30] [DEBUG] [SERVER] Heartbeat ACK received from peer Server ID: 1
[2026-05-23 23:15:30] [DEBUG] [HEARTBEAT] Heartbeat ping sent to peer Server ID: 1
[2026-05-23 23:15:35] [DEBUG] [HEARTBEAT] Heartbeat ping sent to peer Server ID: 1
[2026-05-23 23:15:35] [DEBUG] [SERVER] Heartbeat ACK received from peer Server ID: 1
[2026-05-23 23:15:40] [DEBUG] [SERVER] Heartbeat ACK received from peer Server ID: 1
[2026-05-23 23:15:40] [DEBUG] [HEARTBEAT] Heartbeat ping sent to peer Server ID: 1
[2026-05-23 23:15:45] [DEBUG] [SERVER] Heartbeat ACK received from peer Server ID: 1
[2026-05-23 23:15:45] [DEBUG] [HEARTBEAT] Heartbeat ping sent to peer Server ID: 1
[2026-05-23 23:15:50] [DEBUG] [SERVER] Heartbeat ACK received from peer Server ID: 1
[2026-05-23 23:15:50] [DEBUG] [HEARTBEAT] Heartbeat ping sent to peer Server ID: 1
[2026-05-23 23:15:55] [DEBUG] [SERVER] Heartbeat ACK received from peer Server ID: 1
[2026-05-23 23:15:55] [DEBUG] [HEARTBEAT] Heartbeat ping sent to peer Server ID: 1
[2026-05-23 23:16:00] [DEBUG] [SERVER] Heartbeat ACK received from peer Server ID: 1
[2026-05-23 23:16:00] [DEBUG] [HEARTBEAT] Heartbeat ping sent to peer Server ID: 1
[2026-05-23 23:16:05] [DEBUG] [SERVER] Heartbeat ACK received from peer Server ID: 1
[2026-05-23 23:16:05] [DEBUG] [HEARTBEAT] Heartbeat ping sent to peer Server ID: 1
[2026-05-23 23:16:10] [DEBUG] [HEARTBEAT] Heartbeat ping sent to peer Server ID: 1
[2026-05-23 23:16:10] [DEBUG] [SERVER] Heartbeat ACK received from peer Server ID: 1
[2026-05-23 23:16:15] [DEBUG] [HEARTBEAT] Heartbeat ping sent to peer Server ID: 1
[2026-05-23 23:16:15] [DEBUG] [SERVER] Heartbeat ACK received from peer Server ID: 1
[2026-05-23 23:16:20] [DEBUG] [SERVER] Heartbeat ACK received from peer Server ID: 1
[2026-05-23 23:16:20] [DEBUG] [HEARTBEAT] Heartbeat ping sent to peer Server ID: 1
[2026-05-23 23:16:25] [DEBUG] [SERVER] Heartbeat ACK received from peer Server ID: 1
[2026-05-23 23:16:25] [DEBUG] [HEARTBEAT] Heartbeat ping sent to peer Server ID: 1
[2026-05-23 23:16:30] [DEBUG] [HEARTBEAT] Heartbeat ping sent to peer Server ID: 1
[2026-05-23 23:16:30] [DEBUG] [SERVER] Heartbeat ACK received from peer Server ID: 1
[2026-05-23 23:16:35] [DEBUG] [HEARTBEAT] Heartbeat ping sent to peer Server ID: 1
[2026-05-23 23:16:35] [DEBUG] [SERVER] Heartbeat ACK received from peer Server ID: 1
[2026-05-23 23:16:40] [DEBUG] [SERVER] Heartbeat ACK received from peer Server ID: 1
[2026-05-23 23:16:40] [DEBUG] [HEARTBEAT] Heartbeat ping sent to peer Server ID: 1
[2026-05-23 23:16:45] [DEBUG] [SERVER] Heartbeat ACK received from peer Server ID: 1
[2026-05-23 23:16:45] [DEBUG] [HEARTBEAT] Heartbeat ping sent to peer Server ID: 1
[2026-05-23 23:16:50] [DEBUG] [SERVER] Heartbeat ACK received from peer Server ID: 1
[2026-05-23 23:16:50] [DEBUG] [HEARTBEAT] Heartbeat ping sent to peer Server ID: 1
[2026-05-23 23:16:55] [DEBUG] [SERVER] Heartbeat ACK received from peer Server ID: 1
[2026-05-23 23:16:55] [DEBUG] [HEARTBEAT] Heartbeat ping sent to peer Server ID: 1
[2026-05-23 23:17:00] [DEBUG] [HEARTBEAT] Heartbeat ping sent to peer Server ID: 1
[2026-05-23 23:17:00] [DEBUG] [SERVER] Heartbeat ACK received from peer Server ID: 1
[2026-05-23 23:17:05] [DEBUG] [HEARTBEAT] Heartbeat ping sent to peer Server ID: 1
[2026-05-23 23:17:05] [DEBUG] [SERVER] Heartbeat ACK received from peer Server ID: 1
[2026-05-23 23:17:10] [DEBUG] [SERVER] Heartbeat ACK received from peer Server ID: 1
[2026-05-23 23:17:10] [DEBUG] [HEARTBEAT] Heartbeat ping sent to peer Server ID: 1
[2026-05-23 23:17:15] [DEBUG] [HEARTBEAT] Heartbeat ping sent to peer Server ID: 1
[2026-05-23 23:17:15] [DEBUG] [SERVER] Heartbeat ACK received from peer Server ID: 1
[2026-05-23 23:17:20] [DEBUG] [HEARTBEAT] Heartbeat ping sent to peer Server ID: 1
[2026-05-23 23:17:20] [DEBUG] [SERVER] Heartbeat ACK received from peer Server ID: 1
[2026-05-23 23:17:25] [DEBUG] [HEARTBEAT] Heartbeat ping sent to peer Server ID: 1
[2026-05-23 23:17:25] [DEBUG] [SERVER] Heartbeat ACK received from peer Server ID: 1
[2026-05-23 23:17:30] [DEBUG] [HEARTBEAT] Heartbeat ping sent to peer Server ID: 1
[2026-05-23 23:17:30] [DEBUG] [SERVER] Heartbeat ACK received from peer Server ID: 1
[2026-05-23 23:17:35] [DEBUG] [HEARTBEAT] Heartbeat ping sent to peer Server ID: 1
[2026-05-23 23:17:35] [DEBUG] [SERVER] Heartbeat ACK received from peer Server ID: 1
[2026-05-23 23:17:40] [DEBUG] [HEARTBEAT] Heartbeat ping sent to peer Server ID: 1
[2026-05-23 23:17:40] [DEBUG] [SERVER] Heartbeat ACK received from peer Server ID: 1
[2026-05-23 23:17:45] [DEBUG] [HEARTBEAT] Heartbeat ping sent to peer Server ID: 1
[2026-05-23 23:17:45] [DEBUG] [SERVER] Heartbeat ACK received from peer Server ID: 1
[2026-05-23 23:17:50] [DEBUG] [HEARTBEAT] Heartbeat ping sent to peer Server ID: 1
[2026-05-23 23:17:50] [DEBUG] [SERVER] Heartbeat ACK received from peer Server ID: 1
[2026-05-23 23:17:55] [DEBUG] [SERVER] Heartbeat ACK received from peer Server ID: 1
[2026-05-23 23:17:55] [DEBUG] [HEARTBEAT] Heartbeat ping sent to peer Server ID: 1
[2026-05-23 23:18:00] [DEBUG] [HEARTBEAT] Heartbeat ping sent to peer Server ID: 1
[2026-05-23 23:18:00] [DEBUG] [SERVER] Heartbeat ACK received from peer Server ID: 1
[2026-05-23 23:18:05] [DEBUG] [HEARTBEAT] Heartbeat ping sent to peer Server ID: 1
[2026-05-23 23:18:05] [DEBUG] [SERVER] Heartbeat ACK received from peer Server ID: 1
[2026-05-23 23:18:10] [DEBUG] [HEARTBEAT] Heartbeat ping sent to peer Server ID: 1
[2026-05-23 23:18:10] [DEBUG] [SERVER] Heartbeat ACK received from peer Server ID: 1
[2026-05-23 23:18:15] [DEBUG] [HEARTBEAT] Heartbeat ping sent to peer Server ID: 1
[2026-05-23 23:18:15] [DEBUG] [SERVER] Heartbeat ACK received from peer Server ID: 1
[2026-05-23 23:18:20] [DEBUG] [HEARTBEAT] Heartbeat ping sent to peer Server ID: 1
[2026-05-23 23:18:20] [DEBUG] [SERVER] Heartbeat ACK received from peer Server ID: 1
[2026-05-23 23:18:25] [DEBUG] [HEARTBEAT] Heartbeat ping sent to peer Server ID: 1
[2026-05-23 23:18:25] [DEBUG] [SERVER] Heartbeat ACK received from peer Server ID: 1
[2026-05-23 23:18:30] [DEBUG] [HEARTBEAT] Heartbeat ping sent to peer Server ID: 1
[2026-05-23 23:18:30] [DEBUG] [SERVER] Heartbeat ACK received from peer Server ID: 1
[2026-05-23 23:18:35] [DEBUG] [HEARTBEAT] Heartbeat ping sent to peer Server ID: 1
[2026-05-23 23:18:35] [DEBUG] [SERVER] Heartbeat ACK received from peer Server ID: 1
[2026-05-23 23:18:40] [DEBUG] [HEARTBEAT] Heartbeat ping sent to peer Server ID: 1
[2026-05-23 23:18:40] [DEBUG] [SERVER] Heartbeat ACK received from peer Server ID: 1
[2026-05-23 23:18:45] [DEBUG] [HEARTBEAT] Heartbeat ping sent to peer Server ID: 1
[2026-05-23 23:18:45] [DEBUG] [SERVER] Heartbeat ACK received from peer Server ID: 1
[2026-05-23 23:18:50] [DEBUG] [SERVER] Heartbeat ACK received from peer Server ID: 1
[2026-05-23 23:18:50] [DEBUG] [HEARTBEAT] Heartbeat ping sent to peer Server ID: 1
[2026-05-23 23:18:55] [DEBUG] [HEARTBEAT] Heartbeat ping sent to peer Server ID: 1
[2026-05-23 23:18:55] [DEBUG] [SERVER] Heartbeat ACK received from peer Server ID: 1
[2026-05-23 23:19:00] [DEBUG] [HEARTBEAT] Heartbeat ping sent to peer Server ID: 1
[2026-05-23 23:19:00] [DEBUG] [SERVER] Heartbeat ACK received from peer Server ID: 1
[2026-05-23 23:19:05] [DEBUG] [HEARTBEAT] Heartbeat ping sent to peer Server ID: 1
[2026-05-23 23:19:05] [DEBUG] [SERVER] Heartbeat ACK received from peer Server ID: 1
[2026-05-23 23:19:10] [DEBUG] [HEARTBEAT] Heartbeat ping sent to peer Server ID: 1
[2026-05-23 23:19:10] [DEBUG] [SERVER] Heartbeat ACK received from peer Server ID: 1
[2026-05-23 23:19:15] [DEBUG] [HEARTBEAT] Heartbeat ping sent to peer Server ID: 1
[2026-05-23 23:19:15] [DEBUG] [SERVER] Heartbeat ACK received from peer Server ID: 1
[2026-05-23 23:19:20] [DEBUG] [HEARTBEAT] Heartbeat ping sent to peer Server ID: 1
[2026-05-23 23:19:20] [DEBUG] [SERVER] Heartbeat ACK received from peer Server ID: 1
[2026-05-23 23:19:25] [DEBUG] [HEARTBEAT] Heartbeat ping sent to peer Server ID: 1
[2026-05-23 23:19:25] [DEBUG] [SERVER] Heartbeat ACK received from peer Server ID: 1
[2026-05-23 23:19:30] [DEBUG] [HEARTBEAT] Heartbeat ping sent to peer Server ID: 1
[2026-05-23 23:19:30] [DEBUG] [SERVER] Heartbeat ACK received from peer Server ID: 1
[2026-05-23 23:19:35] [DEBUG] [HEARTBEAT] Heartbeat ping sent to peer Server ID: 1
[2026-05-23 23:19:35] [DEBUG] [SERVER] Heartbeat ACK received from peer Server ID: 1
[2026-05-23 23:19:40] [DEBUG] [HEARTBEAT] Heartbeat ping sent to peer Server ID: 1
[2026-05-23 23:19:40] [DEBUG] [SERVER] Heartbeat ACK received from peer Server ID: 1
[2026-05-23 23:19:45] [DEBUG] [SERVER] Heartbeat ACK received from peer Server ID: 1
[2026-05-23 23:19:45] [DEBUG] [HEARTBEAT] Heartbeat ping sent to peer Server ID: 1
[2026-05-23 23:19:50] [DEBUG] [HEARTBEAT] Heartbeat ping sent to peer Server ID: 1
[2026-05-23 23:19:50] [DEBUG] [SERVER] Heartbeat ACK received from peer Server ID: 1
[2026-05-23 23:19:55] [DEBUG] [HEARTBEAT] Heartbeat ping sent to peer Server ID: 1
[2026-05-23 23:19:55] [DEBUG] [SERVER] Heartbeat ACK received from peer Server ID: 1
[2026-05-23 23:20:00] [DEBUG] [HEARTBEAT] Heartbeat ping sent to peer Server ID: 1
[2026-05-23 23:20:00] [DEBUG] [SERVER] Heartbeat ACK received from peer Server ID: 1
[2026-05-23 23:20:05] [DEBUG] [HEARTBEAT] Heartbeat ping sent to peer Server ID: 1
[2026-05-23 23:20:05] [DEBUG] [SERVER] Heartbeat ACK received from peer Server ID: 1
